{"timestamp":"2026-08-22T16:55:09.959Z","level":"INFO","message":"🕐 Iniciando ScraperScheduler"}
{"timestamp":"2026-08-22T16:55:10.057Z","level":"INFO","message":"[OK] ScraperScheduler iniciado com sucesso","jobs_agendadas":3,"tarefas":["Main Pipeline","Clean Old Logs","Clean Old Data"]}
{"timestamp":"2026-08-22T17:29:43.319Z","level":"INFO","message":"🕐 Iniciando ScraperScheduler"}
{"timestamp":"2026-08-22T17:29:43.479Z","level":"INFO","message":"[OK] ScraperScheduler iniciado com sucesso","jobs_agendadas":3,"tarefas":["Main Pipeline","Clean Old Logs","Clean Old Data"]}
{"timestamp":"2026-08-22T20:12:17.332Z","level":"INFO","message":"[START] Iniciando pipeline de scrapers","termos_busca":[],"lojas_ativas":9}
{"timestamp":"2026-08-22T20:12:17.335Z","level":"INFO","message":"Iniciando NCR Angola","termos":25,"lojas_restantes":9}
{"timestamp":"2026-08-22T20:12:17.364Z","level":"INFO","message":"Iniciando Buitanda","termos":25,"lojas_restantes":9}
{"timestamp":"2026-08-22T20:12:17.371Z","level":"INFO","message":"Iniciando MultiTek","termos":25,"lojas_restantes":9}
{"timestamp":"2026-08-22T20:12:39.207Z","level":"INFO","message":"Buitanda: extração concluída","termos_com_resultados":19,"termos_vazios":["iPad","Headset","SSD","Webcam","Coca-Cola","Açúcar"],"produtos_unicos":265}
{"timestamp":"2026-08-22T20:12:51.501Z","level":"INFO","message":"NCR Angola: extração concluída","termos_com_resultados":17,"termos_vazios":["Arroz","Feijão","Óleo de Palma","Banana","Leite","Coca-Cola","Água Mineral","Açúcar"],"produtos_unicos":130}
{"timestamp":"2026-08-22T20:13:12.138Z","level":"WARN","message":"MultiTek: 4 termos seguidos sem resultados — a saltar termos restantes (loja provavelmente bloqueada ou sem catálogo compatível).","termos_testados":["Laptop","iPhone","Samsung Galaxy","iPad"]}
{"timestamp":"2026-08-22T20:13:12.139Z","level":"INFO","message":"MultiTek: extração concluída","termos_com_resultados":21,"termos_vazios":["Laptop","iPhone","Samsung Galaxy","iPad"],"produtos_unicos":0}
{"timestamp":"2026-08-22T20:13:13.146Z","level":"INFO","message":"Iniciando iTec","termos":25,"lojas_restantes":9}
{"timestamp":"2026-08-22T20:13:13.164Z","level":"INFO","message":"Iniciando Kero","termos":25,"lojas_restantes":9}
{"timestamp":"2026-08-22T20:13:13.176Z","level":"INFO","message":"Iniciando Shoprite","termos":25,"lojas_restantes":9}
{"timestamp":"2026-08-22T20:13:25.745Z","level":"INFO","message":"Kero: extração concluída","termos_com_resultados":23,"termos_vazios":["RAM","Processador"],"produtos_unicos":49}
{"timestamp":"2026-08-22T20:13:25.747Z","level":"INFO","message":"Shoprite: extração concluída","termos_com_resultados":23,"termos_vazios":["RAM","Processador"],"produtos_unicos":49}
{"timestamp":"2026-08-22T20:14:12.565Z","level":"WARN","message":"iTec: 4 termos seguidos sem resultados — a saltar termos restantes (loja provavelmente bloqueada ou sem catálogo compatível).","termos_testados":["Laptop","iPhone","Samsung Galaxy","iPad"]}
{"timestamp":"2026-08-22T20:14:12.565Z","level":"INFO","message":"iTec: extração concluída","termos_com_resultados":21,"termos_vazios":["Laptop","iPhone","Samsung Galaxy","iPad"],"produtos_unicos":0}
{"timestamp":"2026-08-22T20:14:13.567Z","level":"INFO","message":"Iniciando Zap","termos":25,"lojas_restantes":9}
{"timestamp":"2026-08-22T20:14:13.569Z","level":"INFO","message":"Iniciando Eka Market","termos":25,"lojas_restantes":9}
{"timestamp":"2026-08-22T20:14:13.571Z","level":"INFO","message":"Iniciando Bom Preço","termos":25,"lojas_restantes":9}
{"timestamp":"2026-08-22T20:14:26.119Z","level":"INFO","message":"Zap: extração concluída","termos_com_resultados":23,"termos_vazios":["RAM","Processador"],"produtos_unicos":49}
{"timestamp":"2026-08-22T20:14:26.122Z","level":"INFO","message":"Eka Market: extração concluída","termos_com_resultados":23,"termos_vazios":["RAM","Processador"],"produtos_unicos":49}
{"timestamp":"2026-08-22T20:14:26.125Z","level":"INFO","message":"Bom Preço: extração concluída","termos_com_resultados":23,"termos_vazios":["RAM","Processador"],"produtos_unicos":49}
{"timestamp":"2026-08-22T20:14:27.545Z","level":"INFO","message":"[NCR Angola] Execução concluída com sucesso","inserts":10,"updates":120,"errors":0,"totalProcessados":130,"duracao_ms":1474}
{"timestamp":"2026-08-22T20:14:27.547Z","level":"INFO","message":"[Buitanda] Execução concluída com sucesso","inserts":261,"updates":0,"errors":4,"totalProcessados":265,"duracao_ms":7418}
{"timestamp":"2026-08-22T20:14:27.547Z","level":"INFO","message":"[MultiTek] Execução concluída com sucesso","inserts":0,"updates":0,"errors":0,"totalProcessados":0,"duracao_ms":0}
{"timestamp":"2026-08-22T20:14:27.547Z","level":"INFO","message":"[iTec] Execução concluída com sucesso","inserts":0,"updates":0,"errors":0,"totalProcessados":0,"duracao_ms":0}
{"timestamp":"2026-08-22T20:14:27.548Z","level":"INFO","message":"[Kero] Execução concluída com sucesso","inserts":48,"updates":0,"errors":1,"totalProcessados":49,"duracao_ms":1919}
{"timestamp":"2026-08-22T20:14:27.548Z","level":"INFO","message":"[Shoprite] Execução concluída com sucesso","inserts":48,"updates":0,"errors":1,"totalProcessados":49,"duracao_ms":1913}
{"timestamp":"2026-08-22T20:14:27.549Z","level":"INFO","message":"[Zap] Execução concluída com sucesso","inserts":49,"updates":0,"errors":0,"totalProcessados":49,"duracao_ms":1401}
{"timestamp":"2026-08-22T20:14:27.549Z","level":"INFO","message":"[Eka Market] Execução concluída com sucesso","inserts":49,"updates":0,"errors":0,"totalProcessados":49,"duracao_ms":1423}
{"timestamp":"2026-08-22T20:14:27.550Z","level":"INFO","message":"[Bom Preço] Execução concluída com sucesso","inserts":49,"updates":0,"errors":0,"totalProcessados":49,"duracao_ms":1410}
{"timestamp":"2026-08-22T20:14:27.551Z","level":"INFO","message":"Pipeline de scrapers completo","lojas_processadas":9,"lojas_com_erro":0,"total_inserts":514,"total_updates":120,"total_errors":6,"duracao_total_ms":130219,"horario_inicio":"2026-08-22T20:12:17.331Z","horario_fim":"2026-08-22T20:14:27.550Z"}
{"timestamp":"2026-08-22T20:24:07.743Z","level":"INFO","message":"🕐 Iniciando ScraperScheduler"}
{"timestamp":"2026-08-22T20:24:07.902Z","level":"INFO","message":"[OK] ScraperScheduler iniciado com sucesso","jobs_agendadas":3,"tarefas":["Main Pipeline","Clean Old Logs","Clean Old Data"]}
{"timestamp":"2026-08-22T20:28:21.432Z","level":"INFO","message":"🕐 Iniciando ScraperScheduler"}
{"timestamp":"2026-08-22T20:28:21.616Z","level":"INFO","message":"[OK] ScraperScheduler iniciado com sucesso","jobs_agendadas":3,"tarefas":["Main Pipeline","Clean Old Logs","Clean Old Data"]}
{"timestamp":"2026-08-22T20:41:52.794Z","level":"INFO","message":"🕐 Iniciando ScraperScheduler"}
{"timestamp":"2026-08-22T20:41:52.965Z","level":"INFO","message":"[OK] ScraperScheduler iniciado com sucesso","jobs_agendadas":3,"tarefas":["Main Pipeline","Clean Old Logs","Clean Old Data"]}
{"timestamp":"2026-08-22T20:48:10.170Z","level":"INFO","message":"🕐 Iniciando ScraperScheduler"}
{"timestamp":"2026-08-22T20:48:10.334Z","level":"INFO","message":"[OK] ScraperScheduler iniciado com sucesso","jobs_agendadas":3,"tarefas":["Main Pipeline","Clean Old Logs","Clean Old Data"]}
{"timestamp":"2026-08-22T20:50:40.564Z","level":"INFO","message":"▶️ Iniciando execução do pipeline..."}
{"timestamp":"2026-08-22T20:50:40.566Z","level":"INFO","message":"[START] Iniciando pipeline de scrapers","termos_busca":["Laptop","iPhone","Samsung Galaxy","iPad","Monitor","Teclado","Mouse","Headset","Tablet","Smartwatch","Arroz","Leite","Óleo","Coca-Cola","Água Mineral"],"lojas_ativas":4}
{"timestamp":"2026-08-22T20:50:40.569Z","level":"INFO","message":"Iniciando NCR Angola","termos":15,"lojas_restantes":4}
{"timestamp":"2026-08-22T20:50:40.608Z","level":"INFO","message":"Iniciando Buitanda","termos":15,"lojas_restantes":4}
{"timestamp":"2026-08-22T20:50:54.086Z","level":"INFO","message":"Buitanda: extração concluída","termos_com_resultados":12,"termos_vazios":["iPad","Headset","Coca-Cola"],"produtos_unicos":192}
{"timestamp":"2026-08-22T20:51:03.611Z","level":"INFO","message":"NCR Angola: extração concluída","termos_com_resultados":11,"termos_vazios":["Arroz","Leite","Coca-Cola","Água Mineral"],"produtos_unicos":95}
{"timestamp":"2026-08-22T20:51:05.744Z","level":"INFO","message":"Iniciando MultiTek","termos":15,"lojas_restantes":4}
{"timestamp":"2026-08-22T20:51:05.754Z","level":"INFO","message":"Iniciando iTec","termos":15,"lojas_restantes":4}
{"timestamp":"2026-08-22T20:52:00.557Z","level":"WARN","message":"MultiTek: 4 termos seguidos sem resultados — a saltar termos restantes (loja provavelmente bloqueada ou sem catálogo compatível).","termos_testados":["Laptop","iPhone","Samsung Galaxy","iPad"]}
{"timestamp":"2026-08-22T20:52:00.558Z","level":"INFO","message":"MultiTek: extração concluída","termos_com_resultados":11,"termos_vazios":["Laptop","iPhone","Samsung Galaxy","iPad"],"produtos_unicos":0}
{"timestamp":"2026-08-22T20:52:34.517Z","level":"WARN","message":"iTec: 4 termos seguidos sem resultados — a saltar termos restantes (loja provavelmente bloqueada ou sem catálogo compatível).","termos_testados":["Laptop","iPhone","Samsung Galaxy","iPad"]}
{"timestamp":"2026-08-22T20:52:34.518Z","level":"INFO","message":"iTec: extração concluída","termos_com_resultados":11,"termos_vazios":["Laptop","iPhone","Samsung Galaxy","iPad"],"produtos_unicos":0}
{"timestamp":"2026-08-22T20:52:34.519Z","level":"INFO","message":"[NCR Angola] Execução concluída com sucesso","inserts":3,"updates":92,"errors":0,"totalProcessados":95,"duracao_ms":1126}
{"timestamp":"2026-08-22T20:52:34.520Z","level":"INFO","message":"[Buitanda] Execução concluída com sucesso","inserts":9,"updates":180,"errors":3,"totalProcessados":192,"duracao_ms":2735}
{"timestamp":"2026-08-22T20:52:34.521Z","level":"INFO","message":"[MultiTek] Execução concluída com sucesso","inserts":0,"updates":0,"errors":0,"totalProcessados":0,"duracao_ms":0}
{"timestamp":"2026-08-22T20:52:34.522Z","level":"INFO","message":"[iTec] Execução concluída com sucesso","inserts":0,"updates":0,"errors":0,"totalProcessados":0,"duracao_ms":0}
{"timestamp":"2026-08-22T20:52:34.523Z","level":"INFO","message":"Pipeline de scrapers completo","lojas_processadas":4,"lojas_com_erro":0,"total_inserts":12,"total_updates":272,"total_errors":3,"duracao_total_ms":113956,"horario_inicio":"2026-08-22T20:50:40.566Z","horario_fim":"2026-08-22T20:52:34.522Z"}
{"timestamp":"2026-08-22T20:52:34.536Z","level":"INFO","message":"Pipeline de scrapers completo","lojas_processadas":4,"lojas_com_erro":0,"total_inserts":12,"total_updates":272,"total_errors":3,"duracao_total_ms":113956,"horario_inicio":"2026-08-22T20:50:40.566Z","horario_fim":"2026-08-22T20:52:34.522Z"}
{"timestamp":"2026-08-22T20:52:34.544Z","level":"INFO","message":"\n╔════════════════════════════════════════════╗\n║  PIPELINE DE SCRAPERS - RELATÓRIO         ║\n╚════════════════════════════════════════════╝\n\nRESUMO DA EXECUÇÃO:\n  [OK] Lojas Processadas: 4\n  [ERROR] Lojas com Erro: 0\n  \n📈 Dados Atualizados:\n  ➕ Produtos Inseridos: 12\n  [UPDATE] Produtos Atualizados: 272\n  [WARN] Erros: 3\n\n⏱️  Tempo Total: 113956ms (113.96s)\n\n🕐 Horário: 22/08/2026, 21:52:34\n════════════════════════════════════════════\n    "}
